{
'project:custom/boxSizing.css':[
58,
64,
70,
94,
94,
100,
106,
],
'project:custom/experimentalFunctionUsage.css':[
2,
],
'project:custom/gradientdefinition.css':[
3,
4,
5,
6,
7,
17,
18,
23,
24,
25,
30,
31,
32,
],
'project:custom/obsoleteFunctions.css':[
8,
],
'project:custom/properties/box-suppress.css':[
8,
],
'project:custom/properties/font-style.css':[
7,
],
'project:custom/properties/font-synthesis.css':[
10,
],
'project:custom/properties/outline-offset.css':[
4,
],
'project:custom/properties/overflow-wrap.css':[
6,
],
'project:custom/properties/overflow-x.css':[
9,
],
'project:custom/properties/overflow-y.css':[
9,
],
'project:custom/properties/overflow.css':[
9,
],
'project:custom/properties/text-decoration-skip.css':[
14,
],
'project:custom/properties/text-emphasis-position.css':[
8,
],
'project:custom/zerounits.css':[
2,
3,
4,
5,
6,
7,
8,
9,
10,
11,
12,
],
}
