{
'project:custom/inliningFontFiles.css':[
13,
20,
22,
],
}
