{
'project:custom/boxSizing.css':[
70,
],
'project:custom/experimentalFunctionUsage.css':[
23,
],
'project:custom/experimentalIdentifierUsage.css':[
4,
],
'project:custom/knownProperty.css':[
64,
93,
],
'project:custom/obsoleteFunctions.css':[
2,
3,
10,
],
'project:custom/properties/accelerator.css':[
5,
6,
7,
],
'project:custom/properties/align-content.css':[
9,
10,
],
'project:custom/properties/align-items.css':[
8,
9,
],
'project:custom/properties/align-self.css':[
9,
10,
],
'project:custom/properties/alignment-baseline.css':[
16,
17,
18,
19,
20,
21,
],
'project:custom/properties/all.css':[
6,
7,
8,
],
'project:custom/properties/animation-delay.css':[
7,
8,
9,
],
'project:custom/properties/animation-direction.css':[
7,
8,
9,
],
'project:custom/properties/animation-duration.css':[
5,
7,
8,
9,
],
'project:custom/properties/animation-fill-mode.css':[
7,
8,
],
'project:custom/properties/animation-iteration-count.css':[
7,
8,
],
'project:custom/properties/animation-name.css':[
4,
5,
],
'project:custom/properties/animation-play-state.css':[
5,
6,
],
'project:custom/properties/animation-timing-function.css':[
12,
13,
14,
15,
16,
],
'project:custom/properties/animation.css':[
11,
12,
],
'project:custom/properties/backface-visibility.css':[
5,
6,
7,
],
'project:custom/properties/background-attachment.css':[
8,
9,
],
'project:custom/properties/background-blend-mode.css':[
19,
20,
21,
25,
26,
],
'project:custom/properties/background-clip.css':[
6,
7,
],
'project:custom/properties/background-color.css':[
9,
10,
11,
16,
],
'project:custom/properties/background-image.css':[
7,
8,
18,
],
'project:custom/properties/background-origin.css':[
6,
7,
],
'project:custom/properties/background-position-x.css':[
11,
12,
],
'project:custom/properties/background-position-y.css':[
11,
12,
],
'project:custom/properties/background-position.css':[
12,
13,
14,
],
'project:custom/properties/background-repeat.css':[
16,
17,
18,
19,
20,
21,
22,
23,
24,
25,
],
'project:custom/properties/background-size.css':[
19,
20,
21,
22,
23,
24,
25,
26,
27,
28,
29,
],
'project:custom/properties/baseline-shift.css':[
9,
10,
],
'project:custom/properties/block-progression.css':[
7,
8,
],
'project:custom/properties/border-bottom-color.css':[
5,
6,
],
'project:custom/properties/border-bottom-left-radius.css':[
7,
8,
9,
10,
11,
12,
],
'project:custom/properties/border-bottom-right-radius.css':[
7,
8,
9,
10,
11,
12,
],
'project:custom/properties/border-bottom-style.css':[
11,
12,
],
'project:custom/properties/border-bottom-width.css':[
7,
8,
],
'project:custom/properties/border-bottom.css':[
9,
10,
11,
27,
28,
31,
],
'project:custom/properties/border-collapse.css':[
5,
6,
],
'project:custom/properties/border-color.css':[
7,
12,
],
'project:custom/properties/border-left-color.css':[
5,
6,
],
'project:custom/properties/border-left-style.css':[
11,
12,
],
'project:custom/properties/border-left-width.css':[
7,
8,
],
'project:custom/properties/border-left.css':[
9,
10,
11,
],
'project:custom/properties/border-radius.css':[
13,
14,
15,
16,
17,
],
'project:custom/properties/border-right-color.css':[
5,
6,
],
'project:custom/properties/border-right-style.css':[
11,
12,
],
'project:custom/properties/border-right-width.css':[
7,
8,
],
'project:custom/properties/border-right.css':[
9,
10,
11,
],
'project:custom/properties/border-spacing.css':[
5,
6,
7,
],
'project:custom/properties/border-style.css':[
7,
9,
10,
],
'project:custom/properties/border-top-color.css':[
5,
6,
],
'project:custom/properties/border-top-left-radius.css':[
7,
8,
9,
10,
11,
12,
],
'project:custom/properties/border-top-right-radius.css':[
7,
8,
9,
10,
11,
12,
],
'project:custom/properties/border-top-style.css':[
11,
12,
],
'project:custom/properties/border-top-width.css':[
7,
8,
],
'project:custom/properties/border-top.css':[
9,
10,
11,
],
'project:custom/properties/border-width.css':[
7,
9,
11,
12,
],
'project:custom/properties/border.css':[
9,
10,
13,
],
'project:custom/properties/bottom.css':[
8,
9,
],
'project:custom/properties/box-decoration-break.css':[
5,
6,
],
'project:custom/properties/box-sizing.css':[
6,
7,
],
'project:custom/properties/box-snap.css':[
9,
10,
11,
],
'project:custom/properties/box-suppress.css':[
6,
8,
],
'project:custom/properties/break-after.css':[
16,
17,
18,
],
'project:custom/properties/break-before.css':[
16,
17,
18,
],
'project:custom/properties/break-inside.css':[
8,
9,
10,
],
'project:custom/properties/caption-side.css':[
9,
10,
11,
],
'project:custom/properties/caret-color.css':[
9,
10,
11,
16,
],
'project:custom/properties/caret-shape.css':[
7,
8,
9,
],
'project:custom/properties/clear.css':[
7,
8,
],
'project:custom/properties/clip-path.css':[
13,
14,
15,
16,
],
'project:custom/properties/clip-rule.css':[
5,
6,
],
'project:custom/properties/clip.css':[
5,
6,
],
'project:custom/properties/color-interpolation-filters.css':[
8,
9,
],
'project:custom/properties/color-interpolation.css':[
8,
9,
],
'project:custom/properties/color-rendering.css':[
8,
9,
],
'project:custom/properties/color.css':[
9,
10,
11,
16,
],
'project:custom/properties/column-count.css':[
5,
6,
7,
],
'project:custom/properties/column-fill.css':[
6,
7,
8,
],
'project:custom/properties/column-gap.css':[
6,
7,
8,
],
'project:custom/properties/column-rule-color.css':[
9,
10,
11,
16,
],
'project:custom/properties/column-rule-style.css':[
11,
12,
],
'project:custom/properties/column-rule-width.css':[
7,
8,
],
'project:custom/properties/column-span.css':[
5,
6,
7,
],
'project:custom/properties/column-width.css':[
10,
11,
12,
],
'project:custom/properties/content-zoom-chaining.css':[
5,
6,
],
'project:custom/properties/content-zoom-limit-max.css':[
5,
6,
],
'project:custom/properties/content-zoom-limit.css':[
6,
7,
8,
],
'project:custom/properties/content-zoom-snap-points.css':[
7,
8,
],
'project:custom/properties/content-zoom-snap-type.css':[
6,
7,
],
'project:custom/properties/content-zooming.css':[
5,
6,
],
'project:custom/properties/counter-increment.css':[
10,
11,
12,
13,
],
'project:custom/properties/counter-reset.css':[
10,
11,
12,
13,
],
'project:custom/properties/cue-after.css':[
5,
6,
],
'project:custom/properties/cue-before.css':[
5,
6,
],
'project:custom/properties/cue.css':[
5,
6,
8,
11,
],
'project:custom/properties/cursor.css':[
43,
44,
45,
46,
47,
48,
49,
50,
51,
52,
53,
],
'project:custom/properties/device-pixel-ratio.css':[
7,
8,
],
'project:custom/properties/direction.css':[
5,
6,
],
'project:custom/properties/display.css':[
29,
30,
],
'project:custom/properties/dominant-baseline.css':[
12,
13,
14,
],
'project:custom/properties/empty-cells.css':[
5,
6,
],
'project:custom/properties/fallback.css':[
5,
6,
7,
8,
9,
],
'project:custom/properties/fill-opacity.css':[
7,
8,
9,
],
'project:custom/properties/fill-rule.css':[
5,
6,
],
'project:custom/properties/filter.css':[
12,
13,
14,
15,
16,
17,
],
'project:custom/properties/flex-basis.css':[
9,
10,
],
'project:custom/properties/flex-direction.css':[
7,
8,
],
'project:custom/properties/flex-flow.css':[
12,
13,
14,
15,
],
'project:custom/properties/flex-grow.css':[
6,
7,
8,
],
'project:custom/properties/flex-shrink.css':[
6,
7,
8,
],
'project:custom/properties/flex-wrap.css':[
6,
7,
],
'project:custom/properties/float-defer.css':[
8,
9,
],
'project:custom/properties/float-offset.css':[
8,
9,
],
'project:custom/properties/float-reference.css':[
7,
8,
],
'project:custom/properties/float.css':[
6,
7,
],
'project:custom/properties/flood-color.css':[
9,
10,
11,
16,
],
'project:custom/properties/flood-opacity.css':[
7,
8,
9,
],
'project:custom/properties/font-family.css':[
7,
8,
],
'project:custom/properties/font-language-override.css':[
6,
7,
8,
],
'project:custom/properties/font-size-adjust.css':[
6,
7,
],
'project:custom/properties/font-size.css':[
17,
18,
19,
20,
],
'project:custom/properties/font-stretch.css':[
14,
15,
16,
],
'project:custom/properties/font-style.css':[
6,
7,
],
'project:custom/properties/font-synthesis.css':[
8,
9,
10,
11,
12,
13,
],
'project:custom/properties/font-variant-caps.css':[
10,
11,
12,
],
'project:custom/properties/font-variant-position.css':[
6,
7,
8,
],
'project:custom/properties/font-weight.css':[
16,
17,
],
'project:custom/properties/footnote-display.css':[
6,
7,
],
'project:custom/properties/footnote-policy.css':[
6,
7,
],
'project:custom/properties/hanging-punctuation.css':[
8,
9,
10,
16,
17,
],
'project:custom/properties/height.css':[
8,
9,
],
'project:custom/properties/high-contrast-adjust.css':[
5,
6,
],
'project:custom/properties/high-contrast.css':[
6,
7,
8,
],
'project:custom/properties/hyphens.css':[
6,
7,
],
'project:custom/properties/image-rendering.css':[
6,
7,
8,
],
'project:custom/properties/inline-box-align.css':[
7,
8,
],
'project:custom/properties/isolation.css':[
5,
6,
7,
],
'project:custom/properties/justify-content.css':[
8,
9,
],
'project:custom/properties/kerning.css':[
6,
7,
],
'project:custom/properties/layout-flow.css':[
5,
6,
],
'project:custom/properties/layout-grid-char.css':[
9,
10,
],
'project:custom/properties/layout-grid-line.css':[
7,
8,
9,
],
'project:custom/properties/layout-grid-mode.css':[
7,
8,
9,
],
'project:custom/properties/layout-grid-type.css':[
6,
7,
8,
],
'project:custom/properties/left.css':[
8,
9,
],
'project:custom/properties/letter-spacing.css':[
6,
7,
],
'project:custom/properties/lighting-color.css':[
9,
10,
11,
16,
],
'project:custom/properties/line-break.css':[
7,
8,
],
'project:custom/properties/line-grid.css':[
5,
6,
7,
],
'project:custom/properties/line-height.css':[
4,
8,
9,
10,
11,
12,
],
'project:custom/properties/line-snap.css':[
6,
7,
8,
],
'project:custom/properties/list-style-image.css':[
7,
8,
],
'project:custom/properties/list-style-position.css':[
5,
6,
],
'project:custom/properties/list-style-type.css':[
7,
8,
9,
],
'project:custom/properties/list-style.css':[
8,
9,
10,
11,
],
'project:custom/properties/margin-bottom.css':[
8,
9,
],
'project:custom/properties/margin-left.css':[
8,
9,
],
'project:custom/properties/margin-right.css':[
8,
9,
],
'project:custom/properties/margin-top.css':[
8,
9,
],
'project:custom/properties/margin.css':[
8,
9,
13,
14,
],
'project:custom/properties/marker-end.css':[
5,
6,
],
'project:custom/properties/marker-mid.css':[
5,
6,
],
'project:custom/properties/marker-side.css':[
5,
6,
],
'project:custom/properties/marker-start.css':[
5,
6,
],
'project:custom/properties/mask-border-mode.css':[
5,
6,
],
'project:custom/properties/mask-border-outset.css':[
3,
8,
9,
13,
15,
],
'project:custom/properties/mask-border-repeat.css':[
7,
8,
9,
13,
],
'project:custom/properties/mask-border-source.css':[
7,
8,
],
'project:custom/properties/mask-border-width.css':[
9,
13,
15,
],
'project:custom/properties/mask-type.css':[
5,
6,
7,
],
'project:custom/properties/max-device-pixel-ratio.css':[
7,
8,
],
'project:custom/properties/max-height.css':[
8,
9,
],
'project:custom/properties/max-lines.css':[
7,
8,
],
'project:custom/properties/max-width.css':[
8,
9,
],
'project:custom/properties/max-zoom.css':[
6,
7,
8,
9,
],
'project:custom/properties/min-device-pixel-ratio.css':[
7,
8,
],
'project:custom/properties/min-height.css':[
8,
9,
],
'project:custom/properties/min-width.css':[
8,
9,
],
'project:custom/properties/min-zoom.css':[
6,
7,
8,
9,
],
'project:custom/properties/mix-blend-mode.css':[
19,
20,
21,
],
'project:custom/properties/nav-down.css':[
9,
10,
11,
12,
13,
14,
],
'project:custom/properties/nav-left.css':[
9,
10,
11,
12,
13,
14,
],
'project:custom/properties/nav-right.css':[
9,
10,
11,
12,
13,
14,
],
'project:custom/properties/nav-up.css':[
9,
10,
11,
12,
13,
14,
],
'project:custom/properties/object-fit.css':[
8,
9,
10,
],
'project:custom/properties/offset-after.css':[
8,
9,
],
'project:custom/properties/offset-before.css':[
8,
9,
],
'project:custom/properties/offset-end.css':[
8,
9,
],
'project:custom/properties/offset-start.css':[
8,
9,
],
'project:custom/properties/opacity.css':[
7,
8,
9,
],
'project:custom/properties/order.css':[
5,
6,
7,
],
'project:custom/properties/orientation.css':[
6,
7,
],
'project:custom/properties/orphans.css':[
6,
7,
8,
],
'project:custom/properties/outline-color.css':[
5,
6,
],
'project:custom/properties/outline-offset.css':[
8,
9,
],
'project:custom/properties/outline-style.css':[
11,
12,
],
'project:custom/properties/outline-width.css':[
7,
8,
],
'project:custom/properties/outline.css':[
9,
10,
11,
],
'project:custom/properties/overflow-style.css':[
7,
8,
9,
],
'project:custom/properties/overflow-wrap.css':[
5,
6,
7,
],
'project:custom/properties/overflow-x.css':[
8,
9,
10,
11,
12,
],
'project:custom/properties/overflow-y.css':[
8,
9,
10,
11,
12,
],
'project:custom/properties/overflow.css':[
8,
9,
10,
11,
12,
],
'project:custom/properties/padding-bottom.css':[
4,
6,
7,
8,
],
'project:custom/properties/padding-left.css':[
4,
6,
7,
8,
],
'project:custom/properties/padding-right.css':[
4,
6,
7,
8,
],
'project:custom/properties/padding-top.css':[
4,
6,
7,
8,
],
'project:custom/properties/padding.css':[
4,
6,
7,
8,
12,
13,
],
'project:custom/properties/page-break-after.css':[
8,
9,
10,
],
'project:custom/properties/page-break-before.css':[
8,
9,
10,
],
'project:custom/properties/page-break-inside.css':[
5,
6,
7,
],
'project:custom/properties/pause-after.css':[
10,
11,
12,
13,
],
'project:custom/properties/pause-before.css':[
10,
11,
12,
13,
],
'project:custom/properties/pause.css':[
10,
11,
12,
13,
16,
17,
],
'project:custom/properties/perspective.css':[
5,
6,
7,
],
'project:custom/properties/pointer-events.css':[
15,
16,
],
'project:custom/properties/position.css':[
10,
11,
],
'project:custom/properties/prefix.css':[
10,
11,
12,
],
'project:custom/properties/quotes.css':[
7,
8,
9,
10,
11,
],
'project:custom/properties/region-fragment.css':[
5,
6,
7,
],
'project:custom/properties/resize.css':[
7,
8,
],
'project:custom/properties/rest-after.css':[
10,
11,
12,
13,
],
'project:custom/properties/rest-before.css':[
10,
11,
12,
13,
],
'project:custom/properties/rest.css':[
10,
11,
12,
13,
16,
17,
],
'project:custom/properties/right.css':[
8,
9,
],
'project:custom/properties/ruby-align.css':[
7,
8,
9,
],
'project:custom/properties/ruby-merge.css':[
6,
7,
8,
],
'project:custom/properties/ruby-position.css':[
6,
7,
8,
],
'project:custom/properties/scroll-behavior.css':[
5,
6,
7,
8,
],
'project:custom/properties/scroll-chaining.css':[
5,
6,
7,
],
'project:custom/properties/scroll-limit-x-max.css':[
6,
7,
8,
],
'project:custom/properties/scroll-limit-y-max.css':[
6,
7,
8,
],
'project:custom/properties/scroll-rails.css':[
5,
6,
],
'project:custom/properties/scroll-snap-points-x.css':[
7,
8,
],
'project:custom/properties/scroll-snap-points-y.css':[
7,
8,
],
'project:custom/properties/scroll-snap-type.css':[
6,
7,
],
'project:custom/properties/scroll-translation.css':[
5,
6,
7,
],
'project:custom/properties/shape-image-threshold.css':[
8,
9,
10,
],
'project:custom/properties/shape-margin.css':[
5,
6,
],
'project:custom/properties/shape-outside.css':[
11,
12,
13,
14,
15,
16,
],
'project:custom/properties/shape-rendering.css':[
10,
11,
12,
],
'project:custom/properties/speak.css':[
5,
6,
7,
8,
9,
],
'project:custom/properties/stop-color.css':[
9,
10,
11,
16,
],
'project:custom/properties/stop-opacity.css':[
7,
8,
9,
],
'project:custom/properties/stroke-dashoffset.css':[
7,
8,
],
'project:custom/properties/stroke-linecap.css':[
6,
7,
8,
9,
],
'project:custom/properties/stroke-linejoin.css':[
6,
7,
8,
9,
],
'project:custom/properties/stroke-miterlimit.css':[
6,
7,
8,
9,
10,
],
'project:custom/properties/stroke-opacity.css':[
7,
8,
9,
],
'project:custom/properties/stroke-width.css':[
5,
6,
7,
8,
],
'project:custom/properties/suffix.css':[
10,
11,
12,
],
'project:custom/properties/symbols.css':[
10,
11,
16,
],
'project:custom/properties/tab-size.css':[
7,
8,
9,
],
'project:custom/properties/table-layout.css':[
5,
6,
],
'project:custom/properties/tansition-timing-function.css':[
12,
13,
14,
15,
19,
],
'project:custom/properties/text-align-all.css':[
10,
11,
],
'project:custom/properties/text-align-last.css':[
10,
11,
],
'project:custom/properties/text-align.css':[
11,
12,
],
'project:custom/properties/text-anchor.css':[
6,
7,
],
'project:custom/properties/text-combine-upright.css':[
8,
9,
10,
11,
12,
],
'project:custom/properties/text-decoration-color.css':[
9,
10,
11,
16,
],
'project:custom/properties/text-decoration-line.css':[
11,
12,
13,
14,
15,
16,
17,
],
'project:custom/properties/text-decoration-skip.css':[
12,
13,
14,
15,
16,
17,
],
'project:custom/properties/text-decoration-style.css':[
8,
9,
],
'project:custom/properties/text-decoration.css':[
8,
9,
],
'project:custom/properties/text-emphasis-color.css':[
9,
10,
11,
16,
],
'project:custom/properties/text-emphasis-position.css':[
7,
8,
9,
10,
11,
12,
13,
],
'project:custom/properties/text-height.css':[
7,
8,
],
'project:custom/properties/text-indent.css':[
7,
8,
13,
14,
15,
16,
17,
18,
],
'project:custom/properties/text-justify.css':[
7,
8,
9,
],
'project:custom/properties/text-orientation.css':[
6,
7,
8,
],
'project:custom/properties/text-overflow.css':[
8,
9,
10,
11,
],
'project:custom/properties/text-rendering.css':[
7,
8,
9,
],
'project:custom/properties/text-transform.css':[
8,
9,
],
'project:custom/properties/text-underline-position.css':[
11,
12,
13,
14,
15,
16,
],
'project:custom/properties/top.css':[
8,
9,
],
'project:custom/properties/touch-action.css':[
10,
11,
12,
13,
],
'project:custom/properties/transform-box.css':[
6,
7,
],
'project:custom/properties/transform-style.css':[
6,
7,
],
'project:custom/properties/transform.css':[
8,
9,
10,
],
'project:custom/properties/transition-delay.css':[
5,
7,
8,
9,
12,
13,
],
'project:custom/properties/transition-duration.css':[
5,
7,
8,
9,
12,
13,
],
'project:custom/properties/unicode-bidi.css':[
9,
10,
],
'project:custom/properties/user-select.css':[
7,
8,
9,
],
'project:custom/properties/user-zoom.css':[
5,
6,
],
'project:custom/properties/vertical-align.css':[
15,
16,
],
'project:custom/properties/visibility.css':[
6,
7,
],
'project:custom/properties/voice-duration.css':[
7,
8,
9,
10,
11,
],
'project:custom/properties/voice-stress.css':[
8,
9,
10,
11,
12,
],
'project:custom/properties/white-space.css':[
8,
9,
],
'project:custom/properties/widows.css':[
6,
7,
8,
],
'project:custom/properties/width.css':[
8,
9,
],
'project:custom/properties/word-break.css':[
6,
7,
],
'project:custom/properties/word-spacing.css':[
8,
9,
],
'project:custom/properties/wrap-margin.css':[
6,
7,
],
'project:custom/properties/writing-mode.css':[
8,
9,
10,
11,
12,
13,
14,
],
'project:custom/properties/z-index.css':[
7,
8,
],
'project:custom/properties/zoom.css':[
6,
7,
8,
9,
],
'project:custom/shorthand.css':[
121,
130,
131,
132,
133,
136,
141,
142,
147,
148,
153,
154,
160,
161,
166,
167,
168,
169,
170,
171,
172,
177,
179,
185,
186,
187,
193,
194,
195,
196,
197,
198,
199,
204,
206,
211,
213,
218,
220,
225,
227,
232,
234,
239,
300,
301,
306,
307,
312,
313,
318,
319,
320,
325,
326,
327,
328,
333,
334,
339,
341,
342,
343,
376,
377,
],
'project:custom/unknownFunctions.css':[
2,
],
'project:custom/vendorprefixwithstandard.css':[
4,
12,
22,
28,
38,
],
'project:custom/zerounits.css':[
29,
],
}
