{
'project:custom/deprecatedSystemColors.css':[
16,
17,
18,
19,
],
'project:custom/properties/background-color.css':[
20,
21,
22,
23,
],
'project:custom/properties/border-bottom.css':[
12,
29,
30,
],
'project:custom/properties/border.css':[
11,
12,
],
'project:custom/properties/color.css':[
20,
21,
22,
23,
],
'project:custom/properties/column-rule-color.css':[
20,
21,
22,
23,
],
'project:custom/properties/flood-color.css':[
20,
21,
22,
23,
],
'project:custom/properties/lighting-color.css':[
20,
21,
22,
23,
],
'project:custom/properties/overflow-style.css':[
5,
],
'project:custom/properties/stop-color.css':[
20,
21,
22,
23,
],
'project:custom/properties/text-decoration-color.css':[
20,
21,
22,
23,
],
'project:custom/properties/text-emphasis-color.css':[
20,
21,
22,
23,
],
}
