{
'project:custom/selectorNamingConvention.css':[
10,
13,
19,
],
'project:custom/selectorNamingConventionCustomFormat.css':[
10,
13,
],
}
