{
'project:custom/vendorprefixes.css':[
10,
14,
18,
],
'project:custom/vendorprefixwithstandard.css':[
2,
16,
21,
],
}
