{
'project:custom/experimentalFunctionUsage.css':[
19,
],
'project:custom/experimentalPseudoUsage.css':[
1,
5,
],
'project:custom/idsinselector.css':[
9,
13,
17,
18,
],
'project:custom/overqualified.css':[
30,
],
'project:custom/overspecselector.css':[
8,
15,
21,
],
'project:custom/overspecselectorCustom.css':[
8,
15,
21,
],
'project:custom/selectorNamingConvention.css':[
4,
16,
19,
],
'project:custom/selectorNamingConventionCustomFormat.css':[
4,
16,
19,
19,
],
}
