{
'project:custom/alphabetizeDeclarations.css':[
53,
59,
65,
71,
87,
101,
106,
111,
],
'project:custom/boxSizing.css':[
20,
],
'project:custom/case.css':[
1,
],
'project:custom/custom/forbiddenProperties.css':[
5,
],
'project:custom/custom/forbiddenUrl.css':[
1,
7,
],
'project:custom/displayProperty.css':[
1,
7,
],
'project:custom/doNotUseShorthandProperties.css':[
1,
],
'project:custom/duplicatedProperties.css':[
12,
35,
43,
50,
57,
],
'project:custom/emptyDeclaration.css':[
21,
],
'project:custom/emptyRule.css':[
28,
],
'project:custom/experimentalAtRuleUsage.css':[
6,
19,
55,
84,
],
'project:custom/experimentalFunctionUsage.css':[
1,
],
'project:custom/formatting/important.css':[
1,
],
'project:custom/importantPosition.css':[
1,
],
'project:custom/knownProperty.css':[
34,
],
'project:custom/metrics.css':[
20,
],
'project:custom/obsoleteProperties.css':[
1,
],
'project:custom/properties/pause.css':[
1,
],
'project:custom/properties/rest.css':[
1,
],
'project:custom/propertyRegularExpression.css':[
1,
],
'project:custom/shorthand.css':[
8,
22,
30,
38,
51,
59,
67,
75,
83,
119,
128,
157,
164,
175,
182,
190,
202,
209,
216,
223,
230,
237,
246,
252,
260,
266,
272,
280,
298,
316,
323,
337,
346,
358,
366,
374,
380,
],
'project:custom/unknownAtRules.css':[
16,
29,
35,
],
'project:custom/unknownFunctions.css':[
1,
],
'project:custom/vendorprefixwithstandard.css':[
27,
36,
],
'project:custom/zerounits.css':[
1,
16,
],
}
