{
'project:custom/boxSizing.css':[
15,
22,
28,
94,
100,
106,
],
'project:custom/caseInsensitiveFlag.css':[
2,
6,
],
'project:custom/doNotUseShorthandProperties.css':[
2,
3,
4,
5,
6,
7,
],
'project:custom/duplicatebackgroundimages.css':[
2,
6,
10,
14,
],
'project:custom/duplicatedProperties.css':[
2,
3,
7,
8,
9,
15,
16,
18,
22,
23,
24,
25,
30,
31,
37,
38,
39,
44,
45,
47,
51,
52,
54,
58,
59,
61,
],
'project:custom/experimentalFunctionUsage.css':[
4,
],
'project:custom/formatting/important.css':[
6,
8,
9,
10,
],
'project:custom/importantPosition.css':[
6,
8,
9,
10,
],
'project:custom/metrics.css':[
15,
22,
28,
],
'project:custom/properties/animation.css':[
4,
5,
6,
7,
8,
9,
10,
11,
12,
],
'project:custom/properties/border-bottom.css':[
4,
5,
6,
7,
8,
9,
10,
11,
12,
16,
22,
23,
24,
25,
26,
27,
28,
29,
30,
31,
],
'project:custom/properties/border-color.css':[
4,
5,
6,
7,
9,
10,
11,
12,
13,
],
'project:custom/properties/border-left.css':[
4,
5,
6,
7,
8,
9,
10,
11,
],
'project:custom/properties/border-radius.css':[
4,
5,
6,
7,
8,
9,
10,
11,
12,
13,
14,
15,
16,
],
'project:custom/properties/border-right.css':[
4,
5,
6,
7,
8,
9,
10,
11,
],
'project:custom/properties/border-style.css':[
4,
5,
6,
7,
8,
],
'project:custom/properties/border-top.css':[
4,
5,
6,
7,
8,
9,
10,
11,
],
'project:custom/properties/border-width.css':[
4,
5,
6,
7,
10,
11,
],
'project:custom/properties/border.css':[
4,
5,
6,
7,
8,
9,
10,
11,
12,
13,
],
'project:custom/properties/content-zoom-limit.css':[
4,
5,
7,
8,
],
'project:custom/properties/cue.css':[
7,
8,
9,
10,
11,
],
'project:custom/properties/flex-flow.css':[
10,
11,
12,
15,
],
'project:custom/properties/list-style.css':[
4,
5,
6,
7,
8,
11,
],
'project:custom/properties/margin.css':[
10,
11,
12,
13,
14,
],
'project:custom/properties/outline.css':[
4,
5,
6,
7,
8,
9,
10,
11,
],
'project:custom/properties/padding.css':[
9,
10,
11,
12,
13,
],
'project:custom/properties/pause.css':[
14,
15,
16,
17,
],
'project:custom/properties/rest.css':[
14,
15,
16,
17,
],
'project:custom/shorthand.css':[
85,
86,
87,
88,
],
'project:custom/starhack.css':[
2,
],
'project:custom/underscorehack.css':[
2,
],
'project:custom/zerounits.css':[
12,
29,
],
}
