{
'project:custom/case.css':[
3,
4,
5,
7,
9,
11,
13,
14,
17,
],
'project:custom/doNotUseShorthandProperties.css':[
6,
7,
],
'project:custom/duplicatedProperties.css':[
23,
24,
25,
38,
],
'project:custom/emptyRule.css':[
55,
],
'project:custom/experimentalAtRuleUsage.css':[
2,
47,
],
'project:custom/experimentalPropertyUsage.css':[
21,
],
'project:custom/gradientdefinition.css':[
31,
],
'project:custom/obsoleteFunctions.css':[
10,
],
'project:custom/obsoleteProperties.css':[
3,
5,
],
'project:custom/properties/content-zoom-snap-points.css':[
3,
5,
],
'project:custom/properties/filter.css':[
19,
20,
21,
],
'project:custom/properties/scroll-snap-points-x.css':[
3,
5,
],
'project:custom/properties/scroll-snap-points-y.css':[
3,
5,
],
'project:custom/unknownAtRules.css':[
5,
14,
],
'project:custom/unknownFunctions.css':[
5,
],
'project:custom/vendorprefixes.css':[
15,
19,
],
}
