{
'project:custom/knownProperty.css':[
62,
63,
],
'project:custom/obsoleteProperties.css':[
2,
3,
4,
5,
],
}
