{
'project:custom/alphabetizeDeclarations.css':[
33,
67,
],
'project:custom/duplicatedProperties.css':[
25,
],
'project:custom/knownProperty.css':[
22,
30,
],
'project:custom/properties/all.css':[
8,
],
'project:custom/semicolonDeclaration.css':[
27,
],
'project:custom/underscorehack.css':[
3,
],
}
