{
'project:custom/custom/forbiddenUrl.css':[
3,
],
'project:custom/duplicatebackgroundimages.css':[
2,
26,
],
'project:custom/properties/background-image.css':[
4,
],
}
