{
'project:custom/experimentalAtRuleUsage.css':[
71,
],
'project:custom/unknownAtRules.css':[
74,
],
'project:custom/unknownPseudos.css':[
1,
10,
21,
],
}
