{
'project:custom/formatting/important.css':[
7,
8,
9,
],
'project:custom/importantPosition.css':[
7,
8,
9,
],
'project:custom/properties/background-size.css':[
32,
],
}
