{
'project:custom/unknownAtRules.css':[
1,
5,
],
}
