{
'project:custom/knownProperty.css':[
34,
],
'project:custom/shorthand.css':[
8,
22,
30,
38,
38,
51,
59,
67,
75,
83,
91,
98,
105,
112,
119,
128,
139,
145,
151,
157,
164,
175,
182,
190,
202,
209,
216,
223,
230,
237,
246,
252,
252,
252,
260,
266,
272,
280,
280,
280,
292,
298,
304,
310,
316,
323,
331,
337,
346,
358,
366,
374,
380,
],
}
