{
'project:custom/alphabetizeDeclarations.css':[
89,
],
'project:custom/duplicatedProperties.css':[
59,
],
'project:custom/experimentalPropertyUsage.css':[
21,
],
'project:custom/properties/all.css':[
9,
],
'project:custom/vendorprefixes.css':[
11,
15,
19,
],
'project:custom/vendorprefixwithstandard.css':[
17,
23,
30,
32,
39,
41,
],
}
