{
'project:custom/emptyRule.css':[
24,
38,
],
'project:custom/experimentalPseudoUsage.css':[
1,
5,
9,
13,
],
'project:custom/unknownPseudos.css':[
7,
17,
],
}
