{
'project:custom/caseInsensitiveFlag.css':[
1,
],
}
