{
'project:custom/nosonarTagPresence.css':[
1,
6,
],
}
