{
'project:custom/boxSizing.css':[
82,
],
'project:custom/deprecatedSystemColors.css':[
10,
12,
],
'project:custom/knownProperty.css':[
50,
53,
73,
78,
85,
],
'project:custom/leadingZeros.css':[
2,
],
'project:custom/properties/animation-timing-function.css':[
11,
11,
11,
],
'project:custom/properties/background-color.css':[
13,
15,
],
'project:custom/properties/caret-color.css':[
13,
15,
],
'project:custom/properties/color.css':[
13,
15,
],
'project:custom/properties/column-rule-color.css':[
13,
15,
],
'project:custom/properties/direction.css':[
6,
],
'project:custom/properties/fill-opacity.css':[
3,
],
'project:custom/properties/flood-color.css':[
13,
15,
],
'project:custom/properties/flood-opacity.css':[
3,
],
'project:custom/properties/font-size-adjust.css':[
4,
],
'project:custom/properties/lighting-color.css':[
13,
15,
],
'project:custom/properties/offset-after.css':[
9,
],
'project:custom/properties/offset-before.css':[
9,
],
'project:custom/properties/offset-end.css':[
9,
],
'project:custom/properties/offset-start.css':[
9,
],
'project:custom/properties/opacity.css':[
3,
],
'project:custom/properties/outline-offset.css':[
5,
],
'project:custom/properties/shape-image-threshold.css':[
4,
5,
],
'project:custom/properties/stop-color.css':[
13,
15,
],
'project:custom/properties/stop-opacity.css':[
3,
],
'project:custom/properties/stroke-miterlimit.css':[
9,
],
'project:custom/properties/stroke-opacity.css':[
3,
],
'project:custom/properties/text-anchor.css':[
7,
],
'project:custom/properties/text-decoration-color.css':[
13,
15,
],
'project:custom/properties/text-emphasis-color.css':[
13,
15,
],
'project:custom/properties/unicode-bidi.css':[
10,
],
'project:custom/zerounits.css':[
3,
4,
8,
9,
18,
19,
23,
24,
],
}
