{
'project:custom/fontface/deep.css':[
96,
],
'project:custom/properties/animation-timing-function.css':[
13,
],
'project:custom/properties/background-color.css':[
16,
],
'project:custom/properties/background-image.css':[
18,
],
'project:custom/properties/caret-color.css':[
16,
],
'project:custom/properties/caret-shape.css':[
8,
],
'project:custom/properties/clip-path.css':[
16,
],
'project:custom/properties/color.css':[
16,
],
'project:custom/properties/column-rule-color.css':[
16,
],
'project:custom/properties/filter.css':[
12,
13,
],
'project:custom/properties/flood-color.css':[
16,
],
'project:custom/properties/lighting-color.css':[
16,
],
'project:custom/properties/list-style-type.css':[
9,
],
'project:custom/properties/stop-color.css':[
16,
],
'project:custom/properties/text-decoration-color.css':[
16,
],
'project:custom/properties/text-emphasis-color.css':[
16,
],
'project:custom/properties/transform.css':[
8,
9,
],
'project:custom/unknownFunctions.css':[
2,
],
}
