{
'project:custom/alphabetizeDeclarations.css':[
41,
73,
],
'project:custom/boxSizing.css':[
6,
],
'project:custom/emptyRule.css':[
32,
],
'project:custom/experimentalAtRuleUsage.css':[
59,
],
'project:custom/fontface/basic.css':[
58,
63,
68,
73,
80,
88,
94,
],
'project:custom/fontface/deep.css':[
52,
57,
62,
67,
74,
82,
96,
],
'project:custom/fontface/deepest.css':[
21,
28,
38,
93,
],
'project:custom/inliningFontFiles.css':[
7,
13,
23,
],
'project:custom/metrics.css':[
6,
],
'project:custom/semicolonDeclaration.css':[
34,
42,
],
'project:custom/toomanywebfonts.css':[
6,
14,
21,
29,
37,
],
'project:custom/unknownAtRules.css':[
39,
],
}
