{
'project:custom/experimentalSelectorCombinatorUsage.css':[
5,
],
'project:custom/overqualified.css':[
1,
5,
25,
],
'project:custom/overspecselector.css':[
8,
],
'project:custom/overspecselectorCustom.css':[
8,
],
}
