{
'project:custom/experimentalFunctionUsage.css':[
11,
15,
],
'project:custom/experimentalIdentifierUsage.css':[
5,
],
'project:custom/formatting/important.css':[
2,
3,
4,
5,
6,
7,
8,
9,
10,
],
'project:custom/important.css':[
3,
4,
5,
6,
7,
8,
9,
10,
],
'project:custom/importantPosition.css':[
2,
3,
4,
5,
6,
7,
8,
9,
10,
],
'project:custom/overspecselector.css':[
2,
],
'project:custom/overspecselectorCustom.css':[
2,
],
'project:custom/properties/background-size.css':[
30,
31,
32,
],
'project:custom/properties/filter.css':[
21,
],
}
