{
'project:custom/alphabetizeDeclarations.css':[
81,
82,
88,
89,
],
'project:custom/duplicatedProperties.css':[
51,
58,
59,
],
'project:custom/experimentalAtRuleUsage.css':[
7,
8,
9,
81,
],
'project:custom/experimentalIdentifierUsage.css':[
3,
],
'project:custom/experimentalPropertyUsage.css':[
3,
4,
5,
6,
7,
8,
9,
10,
11,
12,
13,
14,
15,
16,
17,
18,
19,
20,
21,
22,
],
'project:custom/ieStaticFilters.css':[
2,
],
'project:custom/knownProperty.css':[
12,
35,
36,
39,
41,
42,
43,
47,
48,
49,
50,
51,
52,
53,
57,
64,
65,
67,
68,
69,
70,
71,
72,
75,
76,
77,
78,
79,
80,
81,
82,
83,
84,
85,
86,
87,
88,
89,
93,
],
'project:custom/obsoleteFunctions.css':[
10,
],
'project:custom/properties/accelerator.css':[
2,
3,
4,
5,
6,
7,
],
'project:custom/properties/alignment-baseline.css':[
2,
3,
4,
5,
6,
7,
8,
9,
10,
11,
12,
13,
14,
15,
16,
17,
18,
19,
20,
21,
],
'project:custom/properties/all.css':[
9,
],
'project:custom/properties/background-blend-mode.css':[
2,
3,
4,
5,
6,
7,
8,
9,
10,
11,
12,
13,
14,
15,
16,
17,
18,
19,
20,
21,
22,
23,
24,
25,
26,
],
'project:custom/properties/background-position-x.css':[
2,
3,
4,
5,
6,
7,
8,
9,
10,
11,
12,
],
'project:custom/properties/background-position-y.css':[
2,
3,
4,
5,
6,
7,
8,
9,
10,
11,
12,
],
'project:custom/properties/baseline-shift.css':[
2,
3,
4,
5,
6,
7,
8,
9,
10,
],
'project:custom/properties/block-progression.css':[
2,
3,
4,
5,
6,
7,
8,
],
'project:custom/properties/box-snap.css':[
2,
3,
4,
5,
6,
7,
8,
9,
10,
11,
],
'project:custom/properties/box-suppress.css':[
2,
3,
4,
5,
6,
8,
],
'project:custom/properties/break-after.css':[
2,
3,
4,
5,
6,
7,
8,
9,
10,
11,
12,
13,
14,
15,
16,
17,
18,
],
'project:custom/properties/break-before.css':[
2,
3,
4,
5,
6,
7,
8,
9,
10,
11,
12,
13,
14,
15,
16,
17,
18,
],
'project:custom/properties/break-inside.css':[
2,
3,
4,
5,
6,
7,
8,
9,
10,
],
'project:custom/properties/caret-color.css':[
2,
3,
4,
5,
6,
7,
8,
9,
10,
11,
12,
13,
14,
15,
16,
17,
],
'project:custom/properties/caret-shape.css':[
2,
3,
4,
5,
6,
7,
8,
9,
],
'project:custom/properties/clip-rule.css':[
2,
3,
4,
5,
6,
],
'project:custom/properties/color-interpolation-filters.css':[
2,
3,
4,
5,
6,
7,
8,
9,
],
'project:custom/properties/color-interpolation.css':[
2,
3,
4,
5,
6,
7,
8,
9,
],
'project:custom/properties/color-rendering.css':[
2,
3,
4,
5,
6,
7,
8,
9,
],
'project:custom/properties/column-count.css':[
2,
3,
4,
5,
6,
7,
],
'project:custom/properties/column-fill.css':[
2,
3,
4,
5,
6,
7,
8,
],
'project:custom/properties/column-gap.css':[
2,
3,
4,
5,
6,
7,
8,
],
'project:custom/properties/column-rule-color.css':[
2,
3,
4,
5,
6,
7,
8,
9,
10,
11,
12,
13,
14,
15,
16,
17,
18,
19,
20,
21,
22,
23,
],
'project:custom/properties/column-rule-style.css':[
2,
3,
4,
5,
6,
7,
8,
9,
10,
11,
12,
],
'project:custom/properties/column-rule-width.css':[
2,
3,
4,
5,
6,
7,
8,
],
'project:custom/properties/column-span.css':[
2,
3,
4,
5,
6,
7,
],
'project:custom/properties/column-width.css':[
2,
3,
4,
5,
6,
7,
8,
9,
10,
11,
12,
],
'project:custom/properties/content-zoom-chaining.css':[
2,
3,
4,
5,
6,
],
'project:custom/properties/content-zoom-limit-max.css':[
2,
3,
4,
5,
6,
],
'project:custom/properties/content-zoom-limit.css':[
2,
3,
4,
5,
6,
7,
8,
],
'project:custom/properties/content-zoom-snap-points.css':[
2,
3,
4,
5,
6,
7,
8,
],
'project:custom/properties/content-zoom-snap-type.css':[
2,
3,
4,
5,
6,
7,
],
'project:custom/properties/content-zooming.css':[
2,
3,
4,
5,
6,
],
'project:custom/properties/cue-after.css':[
2,
3,
4,
5,
6,
],
'project:custom/properties/cue-before.css':[
2,
3,
4,
5,
6,
],
'project:custom/properties/cue.css':[
2,
3,
4,
5,
6,
7,
8,
9,
10,
11,
],
'project:custom/properties/device-pixel-ratio.css':[
2,
3,
4,
5,
6,
7,
8,
],
'project:custom/properties/dominant-baseline.css':[
2,
3,
4,
5,
6,
7,
8,
9,
10,
11,
12,
13,
14,
],
'project:custom/properties/fallback.css':[
2,
3,
4,
5,
6,
7,
8,
9,
],
'project:custom/properties/fill-opacity.css':[
2,
3,
4,
5,
6,
7,
8,
9,
10,
],
'project:custom/properties/fill-rule.css':[
2,
3,
4,
5,
6,
],
'project:custom/properties/filter.css':[
2,
3,
4,
5,
6,
7,
8,
9,
10,
11,
12,
13,
14,
15,
16,
17,
18,
19,
20,
21,
],
'project:custom/properties/float-defer.css':[
2,
3,
4,
5,
6,
7,
8,
9,
],
'project:custom/properties/float-offset.css':[
2,
3,
4,
5,
6,
7,
8,
9,
],
'project:custom/properties/float-reference.css':[
2,
3,
4,
5,
6,
7,
8,
],
'project:custom/properties/flood-color.css':[
2,
3,
4,
5,
6,
7,
8,
9,
10,
11,
12,
13,
14,
15,
16,
17,
18,
19,
20,
21,
22,
23,
],
'project:custom/properties/flood-opacity.css':[
2,
3,
4,
5,
6,
7,
8,
9,
10,
],
'project:custom/properties/font-language-override.css':[
2,
3,
4,
5,
6,
7,
8,
],
'project:custom/properties/font-size-adjust.css':[
2,
3,
4,
5,
6,
7,
],
'project:custom/properties/font-synthesis.css':[
2,
3,
4,
5,
6,
7,
8,
9,
10,
11,
12,
13,
],
'project:custom/properties/font-variant-caps.css':[
2,
3,
4,
5,
6,
7,
8,
9,
10,
11,
12,
],
'project:custom/properties/font-variant-position.css':[
2,
3,
4,
5,
6,
7,
8,
],
'project:custom/properties/footnote-display.css':[
2,
3,
4,
5,
6,
7,
],
'project:custom/properties/footnote-policy.css':[
2,
3,
4,
5,
6,
7,
],
'project:custom/properties/hanging-punctuation.css':[
2,
3,
4,
5,
6,
7,
8,
9,
10,
11,
12,
13,
14,
15,
16,
17,
],
'project:custom/properties/high-contrast-adjust.css':[
2,
3,
4,
5,
6,
],
'project:custom/properties/high-contrast.css':[
2,
3,
4,
5,
6,
7,
8,
],
'project:custom/properties/hyphens.css':[
2,
3,
4,
5,
6,
7,
],
'project:custom/properties/image-rendering.css':[
2,
3,
4,
5,
6,
7,
8,
],
'project:custom/properties/isolation.css':[
2,
3,
4,
5,
6,
7,
],
'project:custom/properties/kerning.css':[
2,
3,
4,
5,
6,
7,
],
'project:custom/properties/layout-flow.css':[
2,
3,
4,
5,
6,
],
'project:custom/properties/layout-grid-char.css':[
2,
3,
4,
5,
6,
7,
8,
9,
10,
],
'project:custom/properties/layout-grid-line.css':[
2,
3,
4,
5,
6,
7,
8,
9,
],
'project:custom/properties/layout-grid-mode.css':[
2,
3,
4,
5,
6,
7,
8,
9,
],
'project:custom/properties/layout-grid-type.css':[
2,
3,
4,
5,
6,
7,
8,
],
'project:custom/properties/lighting-color.css':[
2,
3,
4,
5,
6,
7,
8,
9,
10,
11,
12,
13,
14,
15,
16,
17,
18,
19,
20,
21,
22,
23,
],
'project:custom/properties/line-break.css':[
2,
3,
4,
5,
6,
7,
8,
],
'project:custom/properties/line-grid.css':[
2,
3,
4,
5,
6,
7,
],
'project:custom/properties/line-snap.css':[
2,
3,
4,
5,
6,
7,
8,
],
'project:custom/properties/marker-end.css':[
2,
3,
4,
5,
6,
],
'project:custom/properties/marker-mid.css':[
2,
3,
4,
5,
6,
],
'project:custom/properties/marker-side.css':[
2,
3,
4,
5,
6,
],
'project:custom/properties/marker-start.css':[
2,
3,
4,
5,
6,
],
'project:custom/properties/mask-border-mode.css':[
2,
3,
4,
5,
6,
],
'project:custom/properties/mask-border-outset.css':[
2,
3,
4,
5,
6,
7,
8,
9,
10,
11,
12,
13,
14,
15,
],
'project:custom/properties/mask-border-repeat.css':[
2,
3,
4,
5,
6,
7,
8,
9,
10,
11,
12,
13,
],
'project:custom/properties/mask-border-source.css':[
2,
3,
4,
5,
6,
7,
8,
],
'project:custom/properties/mask-border-width.css':[
2,
3,
4,
5,
6,
7,
8,
9,
10,
11,
12,
13,
14,
15,
],
'project:custom/properties/mask-type.css':[
2,
3,
4,
5,
6,
7,
],
'project:custom/properties/max-device-pixel-ratio.css':[
2,
3,
4,
5,
6,
7,
8,
],
'project:custom/properties/max-lines.css':[
2,
3,
4,
5,
6,
7,
8,
],
'project:custom/properties/max-zoom.css':[
2,
3,
4,
5,
6,
7,
8,
9,
],
'project:custom/properties/min-device-pixel-ratio.css':[
2,
3,
4,
5,
6,
7,
8,
],
'project:custom/properties/min-zoom.css':[
2,
3,
4,
5,
6,
7,
8,
9,
],
'project:custom/properties/mix-blend-mode.css':[
2,
3,
4,
5,
6,
7,
8,
9,
10,
11,
12,
13,
14,
15,
16,
17,
18,
19,
20,
21,
],
'project:custom/properties/nav-down.css':[
2,
3,
4,
5,
6,
7,
8,
9,
10,
11,
12,
13,
14,
],
'project:custom/properties/nav-left.css':[
2,
3,
4,
5,
6,
7,
8,
9,
10,
11,
12,
13,
14,
],
'project:custom/properties/nav-right.css':[
2,
3,
4,
5,
6,
7,
8,
9,
10,
11,
12,
13,
14,
],
'project:custom/properties/nav-up.css':[
2,
3,
4,
5,
6,
7,
8,
9,
10,
11,
12,
13,
14,
],
'project:custom/properties/object-fit.css':[
2,
3,
4,
5,
6,
7,
8,
9,
10,
],
'project:custom/properties/offset-after.css':[
2,
3,
4,
5,
6,
7,
8,
9,
],
'project:custom/properties/offset-before.css':[
2,
3,
4,
5,
6,
7,
8,
9,
],
'project:custom/properties/offset-end.css':[
2,
3,
4,
5,
6,
7,
8,
9,
],
'project:custom/properties/offset-start.css':[
2,
3,
4,
5,
6,
7,
8,
9,
],
'project:custom/properties/orientation.css':[
2,
3,
4,
5,
6,
7,
],
'project:custom/properties/outline-offset.css':[
2,
3,
4,
5,
6,
7,
8,
9,
],
'project:custom/properties/overflow-style.css':[
2,
3,
4,
5,
6,
7,
8,
9,
],
'project:custom/properties/overflow-x.css':[
2,
3,
4,
5,
6,
7,
8,
9,
10,
11,
12,
],
'project:custom/properties/overflow-y.css':[
2,
3,
4,
5,
6,
7,
8,
9,
10,
11,
12,
],
'project:custom/properties/page-break-after.css':[
2,
3,
4,
5,
6,
7,
8,
9,
10,
],
'project:custom/properties/pause-after.css':[
2,
3,
4,
5,
6,
7,
8,
9,
10,
11,
12,
13,
],
'project:custom/properties/pause-before.css':[
2,
3,
4,
5,
6,
7,
8,
9,
10,
11,
12,
13,
],
'project:custom/properties/pause.css':[
2,
3,
4,
5,
6,
7,
8,
9,
10,
11,
12,
13,
14,
15,
16,
17,
],
'project:custom/properties/pointer-events.css':[
2,
3,
4,
5,
6,
7,
8,
9,
10,
11,
12,
13,
14,
15,
16,
],
'project:custom/properties/prefix.css':[
2,
3,
4,
5,
6,
7,
8,
9,
10,
11,
12,
],
'project:custom/properties/region-fragment.css':[
2,
3,
4,
5,
6,
7,
],
'project:custom/properties/resize.css':[
2,
3,
4,
5,
6,
7,
8,
],
'project:custom/properties/rest-after.css':[
2,
3,
4,
5,
6,
7,
8,
9,
10,
11,
12,
13,
],
'project:custom/properties/rest-before.css':[
2,
3,
4,
5,
6,
7,
8,
9,
10,
11,
12,
13,
],
'project:custom/properties/rest.css':[
2,
3,
4,
5,
6,
7,
8,
9,
10,
11,
12,
13,
14,
15,
16,
17,
],
'project:custom/properties/ruby-align.css':[
2,
3,
4,
5,
6,
7,
8,
9,
],
'project:custom/properties/ruby-merge.css':[
2,
3,
4,
5,
6,
7,
8,
],
'project:custom/properties/ruby-position.css':[
2,
3,
4,
5,
6,
7,
8,
],
'project:custom/properties/scroll-behavior.css':[
2,
3,
4,
5,
6,
7,
8,
],
'project:custom/properties/scroll-chaining.css':[
2,
3,
4,
5,
6,
7,
],
'project:custom/properties/scroll-limit-x-max.css':[
2,
3,
4,
5,
6,
7,
8,
],
'project:custom/properties/scroll-limit-y-max.css':[
2,
3,
4,
5,
6,
7,
8,
],
'project:custom/properties/scroll-rails.css':[
2,
3,
4,
5,
6,
],
'project:custom/properties/scroll-snap-points-x.css':[
2,
3,
4,
5,
6,
7,
8,
],
'project:custom/properties/scroll-snap-points-y.css':[
2,
3,
4,
5,
6,
7,
8,
],
'project:custom/properties/scroll-snap-type.css':[
2,
3,
4,
5,
6,
7,
],
'project:custom/properties/scroll-translation.css':[
2,
3,
4,
5,
6,
7,
],
'project:custom/properties/shape-image-threshold.css':[
2,
3,
4,
5,
6,
7,
8,
9,
10,
],
'project:custom/properties/shape-margin.css':[
2,
3,
4,
5,
6,
],
'project:custom/properties/shape-outside.css':[
2,
3,
4,
5,
6,
7,
8,
9,
10,
11,
12,
13,
14,
15,
16,
],
'project:custom/properties/shape-rendering.css':[
2,
3,
4,
5,
6,
7,
8,
9,
10,
11,
12,
],
'project:custom/properties/speak.css':[
2,
3,
4,
5,
6,
7,
8,
9,
],
'project:custom/properties/stop-color.css':[
2,
3,
4,
5,
6,
7,
8,
9,
10,
11,
12,
13,
14,
15,
16,
17,
18,
19,
20,
21,
22,
23,
],
'project:custom/properties/stop-opacity.css':[
2,
3,
4,
5,
6,
7,
8,
9,
10,
],
'project:custom/properties/stroke-dashoffset.css':[
2,
3,
4,
5,
6,
7,
8,
],
'project:custom/properties/stroke-linecap.css':[
2,
3,
4,
5,
6,
7,
8,
9,
],
'project:custom/properties/stroke-linejoin.css':[
2,
3,
4,
5,
6,
7,
8,
9,
],
'project:custom/properties/stroke-miterlimit.css':[
2,
3,
4,
5,
6,
7,
8,
9,
10,
],
'project:custom/properties/stroke-opacity.css':[
2,
3,
4,
5,
6,
7,
8,
9,
10,
],
'project:custom/properties/stroke-width.css':[
2,
3,
4,
5,
6,
7,
8,
],
'project:custom/properties/suffix.css':[
2,
3,
4,
5,
6,
7,
8,
9,
10,
11,
12,
],
'project:custom/properties/symbols.css':[
2,
3,
4,
5,
6,
7,
8,
9,
10,
11,
12,
13,
14,
15,
16,
],
'project:custom/properties/tab-size.css':[
2,
3,
4,
5,
6,
7,
8,
9,
],
'project:custom/properties/text-align-all.css':[
2,
3,
4,
5,
6,
7,
8,
9,
10,
11,
],
'project:custom/properties/text-align-last.css':[
2,
3,
4,
5,
6,
7,
8,
9,
10,
11,
],
'project:custom/properties/text-anchor.css':[
2,
3,
4,
5,
6,
7,
],
'project:custom/properties/text-combine-upright.css':[
2,
3,
4,
5,
6,
7,
8,
9,
10,
11,
12,
],
'project:custom/properties/text-decoration-color.css':[
2,
3,
4,
5,
6,
7,
8,
9,
10,
11,
12,
13,
14,
15,
16,
17,
18,
19,
20,
21,
22,
23,
],
'project:custom/properties/text-decoration-line.css':[
2,
3,
4,
5,
6,
7,
8,
9,
10,
11,
12,
13,
14,
15,
16,
17,
],
'project:custom/properties/text-decoration-skip.css':[
2,
3,
4,
5,
6,
7,
8,
9,
10,
11,
12,
13,
14,
15,
16,
17,
],
'project:custom/properties/text-decoration-style.css':[
2,
3,
4,
5,
6,
7,
8,
9,
],
'project:custom/properties/text-decoration.css':[
2,
3,
4,
5,
6,
7,
8,
9,
],
'project:custom/properties/text-emphasis-color.css':[
2,
3,
4,
5,
6,
7,
8,
9,
10,
11,
12,
13,
14,
15,
16,
17,
18,
19,
20,
21,
22,
23,
],
'project:custom/properties/text-emphasis-position.css':[
2,
3,
4,
5,
6,
7,
8,
9,
10,
11,
12,
13,
],
'project:custom/properties/text-height.css':[
2,
3,
4,
5,
6,
7,
8,
],
'project:custom/properties/text-justify.css':[
2,
3,
4,
5,
6,
7,
8,
9,
],
'project:custom/properties/text-orientation.css':[
2,
3,
4,
5,
6,
7,
8,
],
'project:custom/properties/text-overflow.css':[
2,
3,
4,
5,
6,
7,
8,
9,
10,
11,
],
'project:custom/properties/text-rendering.css':[
2,
3,
4,
5,
6,
7,
8,
9,
],
'project:custom/properties/text-underline-position.css':[
2,
3,
4,
5,
6,
7,
8,
9,
10,
11,
12,
13,
14,
15,
16,
],
'project:custom/properties/touch-action.css':[
2,
3,
4,
5,
6,
7,
8,
9,
10,
11,
12,
13,
],
'project:custom/properties/transform-box.css':[
2,
3,
4,
5,
6,
7,
],
'project:custom/properties/transform-style.css':[
2,
3,
4,
5,
6,
7,
],
'project:custom/properties/user-select.css':[
2,
3,
4,
5,
6,
7,
8,
9,
],
'project:custom/properties/user-zoom.css':[
2,
3,
4,
5,
6,
],
'project:custom/properties/voice-duration.css':[
2,
3,
4,
5,
6,
7,
8,
9,
10,
11,
],
'project:custom/properties/voice-stress.css':[
2,
3,
4,
5,
6,
7,
8,
9,
10,
11,
12,
],
'project:custom/properties/wrap-margin.css':[
2,
3,
4,
5,
6,
7,
],
'project:custom/properties/writing-mode.css':[
2,
3,
4,
5,
6,
7,
8,
9,
10,
11,
12,
13,
14,
],
'project:custom/properties/zoom.css':[
2,
3,
4,
5,
6,
7,
8,
9,
10,
11,
],
'project:custom/shorthand.css':[
141,
142,
147,
148,
153,
154,
177,
178,
179,
184,
204,
205,
206,
211,
212,
213,
218,
219,
220,
225,
226,
227,
232,
233,
234,
239,
240,
241,
243,
248,
249,
254,
255,
256,
257,
262,
263,
268,
269,
274,
275,
276,
282,
283,
284,
285,
286,
287,
288,
289,
294,
295,
300,
301,
306,
307,
312,
313,
325,
326,
327,
328,
339,
340,
341,
342,
343,
348,
349,
350,
351,
352,
353,
354,
355,
360,
361,
362,
363,
368,
369,
370,
371,
376,
377,
382,
383,
384,
],
'project:custom/unknownAtRules.css':[
17,
18,
19,
],
'project:custom/unknownFunctions.css':[
7,
],
'project:custom/vendorprefixes.css':[
7,
11,
15,
19,
],
'project:custom/vendorprefixwithstandard.css':[
3,
4,
9,
10,
11,
12,
17,
22,
23,
28,
29,
30,
32,
37,
38,
39,
41,
],
}
