{
'project:custom/universalselector.css':[
1,
5,
9,
],
}
