{
'project:custom/trailingWhitespace.css':[
4,
7,
9,
],
}
