{
'project:custom/case.css':[
17,
],
'project:custom/experimentalAtRuleUsage.css':[
1,
2,
4,
6,
12,
14,
25,
26,
29,
32,
35,
38,
41,
46,
47,
49,
84,
87,
],
'project:custom/experimentalFunctionUsage.css':[
10,
14,
18,
],
'project:custom/import/importFirst2.css':[
3,
],
'project:custom/import/importFirst3.css':[
4,
],
'project:custom/import/importNotFirst1.css':[
1,
3,
7,
],
'project:custom/unknownAtRules.css':[
9,
11,
16,
22,
24,
43,
44,
47,
50,
53,
56,
59,
66,
83,
],
}
