{
'project:custom/alphabetizeDeclarations.css':[
97,
103,
108,
113,
],
'project:custom/experimentalAtRuleUsage.css':[
27,
30,
33,
36,
39,
42,
],
'project:custom/experimentalFunctionUsage.css':[
7,
],
'project:custom/formatting/declaration.css':[
62,
],
'project:custom/inliningFontFiles.css':[
27,
],
'project:custom/knownProperty.css':[
7,
26,
30,
],
'project:custom/shorthand.css':[
45,
52,
60,
68,
76,
84,
92,
99,
106,
113,
120,
129,
140,
146,
152,
158,
165,
176,
183,
191,
203,
210,
217,
224,
231,
238,
247,
253,
261,
267,
273,
281,
293,
299,
305,
311,
317,
324,
332,
338,
347,
359,
367,
375,
381,
],
'project:custom/unknownAtRules.css':[
2,
6,
45,
48,
51,
54,
57,
60,
],
'project:custom/zerounits.css':[
33,
],
}
