{
'project:custom/regexlikeselectors.css':[
1,
5,
17,
21,
25,
29,
29,
],
'project:custom/regexlikeselectorsStartingWithBOM.css':[
1,
5,
17,
21,
25,
29,
29,
],
}
