{
'project:custom/experimentalAtRuleUsage.css':[
15,
16,
17,
88,
],
'project:custom/experimentalFunctionUsage.css':[
2,
3,
4,
5,
6,
7,
10,
14,
18,
23,
],
'project:custom/gradientdefinition.css':[
3,
4,
5,
6,
7,
17,
18,
23,
24,
25,
30,
31,
32,
],
'project:custom/obsoleteFunctions.css':[
7,
8,
],
'project:custom/properties/background-image.css':[
10,
11,
19,
20,
],
'project:custom/properties/content-zoom-snap-points.css':[
3,
4,
5,
6,
],
'project:custom/properties/position.css':[
9,
],
'project:custom/properties/scroll-snap-points-x.css':[
3,
4,
5,
6,
],
'project:custom/properties/scroll-snap-points-y.css':[
3,
4,
5,
6,
],
'project:custom/unknownAtRules.css':[
25,
26,
27,
],
'project:custom/unknownFunctions.css':[
3,
6,
],
}
