{
'project:custom/emptyRule.css':[
46,
47,
48,
49,
50,
51,
],
'project:custom/experimentalAtRuleUsage.css':[
63,
],
'project:custom/import.css':[
3,
4,
],
'project:custom/import/importFirst1.css':[
1,
],
'project:custom/import/importFirst2.css':[
1,
],
'project:custom/import/importFirst3.css':[
1,
2,
],
'project:custom/import/importFirst4.css':[
1,
2,
],
'project:custom/import/importFirstWithCharset.css':[
4,
],
'project:custom/import/importNotFirst1.css':[
5,
9,
],
'project:custom/import/importNotFirst2.css':[
7,
12,
],
'project:custom/importThreshold.css':[
2,
3,
4,
5,
6,
7,
8,
9,
10,
11,
12,
13,
14,
15,
16,
17,
18,
19,
20,
21,
22,
23,
24,
25,
26,
27,
28,
29,
30,
31,
32,
33,
34,
],
'project:custom/unknownAtRules.css':[
64,
],
}
