{
'project:custom/case.css':[
2,
8,
],
'project:custom/commentRegularExpression.css':[
3,
],
'project:custom/doNotUseShorthandProperties.css':[
2,
3,
],
'project:custom/duplicatedProperties.css':[
2,
7,
13,
15,
22,
44,
52,
],
'project:custom/experimentalFunctionUsage.css':[
2,
],
'project:custom/experimentalIdentifierUsage.css':[
2,
],
'project:custom/experimentalPropertyUsage.css':[
2,
],
'project:custom/formatting/important.css':[
2,
6,
],
'project:custom/importantPosition.css':[
2,
6,
],
'project:custom/lineLength.css':[
2,
],
'project:custom/lineLength30.css':[
5,
],
'project:custom/lineLength50.css':[
3,
],
'project:custom/obsoleteProperties.css':[
2,
4,
],
'project:custom/properties/pause.css':[
2,
],
'project:custom/properties/rest.css':[
2,
],
'project:custom/vendorprefixwithstandard.css':[
22,
28,
38,
],
'project:custom/zerounits.css':[
17,
],
}
