{
'project:custom/experimentalIdentifierUsage.css':[
5,
6,
],
'project:custom/properties/display.css':[
28,
],
'project:custom/properties/overflow-style.css':[
6,
],
}
