{
'project:custom/boxSizing.css':[
14,
33,
45,
51,
99,
105,
],
'project:custom/formatting/important.css':[
1,
],
'project:custom/importantPosition.css':[
1,
],
'project:custom/metrics.css':[
14,
33,
],
'project:custom/zerounits.css':[
1,
],
}
