{
'project:custom/charset/charsetFirstWithBOM.css':[
0,
],
'project:custom/regexlikeselectorsStartingWithBOM.css':[
0,
],
'project:custom/utf8WithBom.css':[
0,
],
}
