{
'project:custom/alphabetizeDeclarations.css':[
26,
61,
],
'project:custom/case.css':[
6,
7,
],
'project:custom/doNotUseShorthandProperties.css':[
4,
5,
],
'project:custom/duplicatedProperties.css':[
24,
],
'project:custom/knownProperty.css':[
17,
26,
],
'project:custom/properties/all.css':[
7,
],
'project:custom/semicolonDeclaration.css':[
22,
],
'project:custom/starhack.css':[
3,
],
}
