{
'project:custom/gradientdefinition.css':[
6,
6,
6,
17,
17,
17,
],
'project:custom/ieStaticFilters.css':[
2,
],
'project:custom/obsoleteFunctions.css':[
2,
3,
7,
7,
7,
8,
8,
8,
9,
10,
],
'project:custom/properties/filter.css':[
18,
19,
20,
21,
],
'project:custom/properties/zoom.css':[
10,
],
'project:custom/unknownFunctions.css':[
7,
],
}
