{
'project:custom/emptyDeclaration.css':[
1,
4,
8,
11,
14,
18,
23,
28,
34,
38,
],
}
