{
'project:custom/tabcharacter.css':[
0,
],
'project:custom/trailingWhitespace.css':[
0,
],
}
