{
'project:custom/experimentalFunctionUsage.css':[
1,
],
'project:custom/gradientdefinition.css':[
16,
22,
29,
],
'project:custom/obsoleteFunctions.css':[
6,
],
'project:custom/properties/background-image.css':[
1,
],
'project:custom/unknownFunctions.css':[
1,
],
}
