{
'project:custom/emptyRule.css':[
46,
47,
48,
49,
50,
51,
],
'project:custom/experimentalAtRuleUsage.css':[
63,
],
'project:custom/import/importNotFirst1.css':[
5,
9,
],
'project:custom/import/importNotFirst2.css':[
7,
12,
],
'project:custom/unknownAtRules.css':[
64,
],
}
