{
'project:custom/emptyDeclaration.css':[
24,
],
'project:custom/emptyRule.css':[
36,
],
'project:custom/experimentalAtRuleUsage.css':[
66,
],
'project:custom/experimentalFunctionUsage.css':[
11,
15,
19,
],
'project:custom/formatting/important.css':[
10,
],
'project:custom/importantPosition.css':[
10,
],
'project:custom/properties/background-clip.css':[
8,
],
'project:custom/properties/background-origin.css':[
8,
],
'project:custom/semicolonDeclaration.css':[
17,
22,
28,
42,
49,
],
'project:custom/unknownAtRules.css':[
69,
],
}
