{
'project:custom/todoTagPresence.css':[
1,
6,
12,
20,
26,
34,
],
}
