{
'project:custom/experimentalSelectorCombinatorUsage.css':[
1,
5,
],
}
