{
'project:custom/emptyDeclaration.css':[
0,
],
'project:custom/fontface/basic.css':[
0,
],
'project:custom/fontface/deep.css':[
0,
],
'project:custom/fontface/deepest.css':[
0,
],
'project:custom/inliningFontFiles.css':[
0,
],
'project:custom/maximumNumberOfRulesPerSheet9.css':[
0,
],
'project:custom/toomanywebfonts.css':[
0,
],
}
